
> concrete-billing-system@0.1.0 build
> next build && node scripts/verify-pwa.js

  Ôû▓ Next.js 14.2.16
  - Environments: .env

   Creating an optimized production build ...
> [PWA] Compile server
> [PWA] Compile server
> [PWA] Compile client (static)
> [PWA] Auto register service worker with: C:\Users\smith\Desktop\PWA\croncretebill\node_modules\.pnpm\next-pwa@5.6.0_@babel+core@_fd9775194e8c083eaa24cc8e20ca7cf7\node_modules\next-pwa\register.js
> [PWA] Service worker: C:\Users\smith\Desktop\PWA\croncretebill\public\sw.js
> [PWA]   url: /sw.js
> [PWA]   scope: /
npm : Browserslist: 
browsers data 
(caniuse-lite) is 7 
months old. Please run:
At line:1 char:1
+ npm run build > 
build_output.txt 2>&1
+ ~~~~~~~~~~~~~~~~~~~~~
~~~~~~~~~~~~~~~~
    + CategoryInfo     
         : NotSpecifi  
  ed: (Browserslist:   
  b...ld. Please ru    
n::String) [], Rem    
oteException
    + FullyQualifiedEr 
   rorId : NativeComm  
  andError
 
  npx update-browsersli
st-db@latest
  Why you should do it 
regularly: https://gith
ub.com/browserslist/upd
ate-db#readme
Browserslist: 
caniuse-lite is 
outdated. Please run:
  npx update-browsersli
st-db@latest
  Why you should do it 
regularly: https://gith
ub.com/browserslist/upd
ate-db#readme
 Ô£ô Compiled successfully
   Skipping validation of types
   Skipping linting
   Collecting page data ...
PageNotFoundError: 
Cannot find module for 
page: /api/cron/update-
expired-subscriptions
    at getPagePath (C:\
Users\smith\Desktop\PWA
\croncretebill\node_mod
ules\.pnpm\next@14.2.16
_@babel+core@7._1a93842
48520f74d96cd9dadf22ac9
a7\node_modules\next\di
st\server\require.js:94
:15)
    at requirePage (C:\
Users\smith\Desktop\PWA
\croncretebill\node_mod
ules\.pnpm\next@14.2.16
_@babel+core@7._1a93842
48520f74d96cd9dadf22ac9
a7\node_modules\next\di
st\server\require.js:99
:22)
    at C:\Users\smith\D
esktop\PWA\croncretebil
l\node_modules\.pnpm\ne
xt@14.2.16_@babel+core@
7._1a9384248520f74d96cd
9dadf22ac9a7\node_modul
es\next\dist\server\loa
d-components.js:98:84
    at process.processT
icksAndRejections (node
:internal/process/task_
queues:95:5)
    at async 
loadComponentsImpl (C:\
Users\smith\Desktop\PWA
\croncretebill\node_mod
ules\.pnpm\next@14.2.16
_@babel+core@7._1a93842
48520f74d96cd9dadf22ac9
a7\node_modules\next\di
st\server\load-componen
ts.js:98:26)
    at async C:\Users\s
mith\Desktop\PWA\croncr
etebill\node_modules\.p
npm\next@14.2.16_@babel
+core@7._1a9384248520f7
4d96cd9dadf22ac9a7\node
_modules\next\dist\buil
d\utils.js:1116:32
    at async 
Span.traceAsyncFn (C:\U
sers\smith\Desktop\PWA\
croncretebill\node_modu
les\.pnpm\next@14.2.16_
@babel+core@7._1a938424
8520f74d96cd9dadf22ac9a
7\node_modules\next\dis
t\trace\trace.js:154:20
) {
  code: 'ENOENT'
}

> Build error occurred
Error: Failed to 
collect page data for /
api/cron/update-expired
-subscriptions
    at C:\Users\smith\D
esktop\PWA\croncretebil
l\node_modules\.pnpm\ne
xt@14.2.16_@babel+core@
7._1a9384248520f74d96cd
9dadf22ac9a7\node_modul
es\next\dist\build\util
s.js:1268:15
    at process.processT
icksAndRejections (node
:internal/process/task_
queues:95:5) {
  type: 'Error'
}
